Repaired Records: Format from /xl/styles.xml part (Styles)
